// Vitest Snapshot v1, https://vitest.dev/guide/snapshot.html

exports[`rpc E2E Tests > export Validations > should generate TypeScript exports 1`] = `
"// This file is auto-generated by FlagFlow. Do not edit manually!
// Created at: 2024-01-01T00:00:00.000Z


// Group types
export type FlagFlow__Flag = {
	readonly export: FlagFlow__Flag__Export;
};

export type FlagFlow__Flag__Export = {
	/**
	* A test flag for E2E testing
	* @default false
	*/
	readonly boolean_flag: boolean;
	/**
	* A test flag for E2E testing
	* @default 10
	*/
	readonly integer_flag: number;
};



// Group default values as objects
export const defaultFlagFlow__Flag__Export: FlagFlow__Flag__Export = {
	boolean_flag: false,
	integer_flag: 10,
};

export const defaultFlagFlow__Flag: FlagFlow__Flag = {
	export: defaultFlagFlow__Flag__Export,
};



// Group hash checksums
export const HASH_FLAGFLOW__FLAG = '64770d3194ea3e80b7b7084100f5667f2ea8c291';
export const HASH_FLAGFLOW__FLAG__EXPORT = '6f2ce4411a92a2b4bfb94173807bd46b66439dd9';


// Client type descriptors
export type FlagFlow_DescriptorTypeMap = {
	'flag': FlagFlow__Flag;
	'flag/export': FlagFlow__Flag__Export;
};

export const flagFlow_Descriptors: {
	[K in keyof FlagFlow_DescriptorTypeMap]: {
		hash: string;
		uri: string;
	}
} = {
	'flag': {
		hash: HASH_FLAGFLOW__FLAG,
		uri: '/flag',
	},
	'flag/export': {
		hash: HASH_FLAGFLOW__FLAG__EXPORT,
		uri: '/flag/export',
	},
} as const;
"
`;

exports[`rpc E2E Tests > export Validations > should generate migration backup with snapshots 1`] = `
{
  "createdAt": 2024-01-01T00:00:00.000Z,
  "environment": "",
  "flags": {
    "flag/migration/test_flag_1": {
      "defaultValue": false,
      "description": "First test flag",
      "isKillSwitch": false,
      "type": "BOOLEAN",
      "value": true,
      "valueExists": true,
    },
    "flag/migration/test_flag_2": {
      "defaultValue": 0,
      "description": "Second test flag",
      "maxValue": 100,
      "minValue": 0,
      "type": "INTEGER",
      "value": 42,
      "valueExists": true,
    },
  },
  "version": "1.0.0-test",
}
`;
